Godot Engine v4.7.2.stable.official.ed1daf0bf - https://godotengine.org

ERROR: Failed to read the root certificate store.
   at: get_system_ca_certificates (platform/windows/os_windows.cpp:2582)
[   0% ] first_scan_filesystem | Started Project initialization (5 steps)
[   0% ] first_scan_filesystem | Scanning file structure...
WARNING: Detected another project.godot at res://exports/source-20260908-095821-327. The folder will be ignored.
   at: _should_skip_directory (editor/file_system/editor_file_system.cpp:3497)
[  16% ] first_scan_filesystem | Loading global class names...
[  33% ] first_scan_filesystem | Verifying GDExtensions...
[  50% ] first_scan_filesystem | Creating autoload scripts...
[  66% ] first_scan_filesystem | Initializing plugins...
[  83% ] first_scan_filesystem | Starting file scan...
[ DONE ] first_scan_filesystem

[   0% ] update_scripts_classes | Started Registering global classes... (2 steps)
[   0% ] update_scripts_classes | 
[  33% ] update_scripts_classes | 
[ DONE ] update_scripts_classes

[   0% ] loading_editor_layout | Started Loading editor (5 steps)
[   0% ] loading_editor_layout | Loading editor layout...
[  16% ] loading_editor_layout | Loading docks...
[  33% ] loading_editor_layout | Reopening scenes...
[  50% ] loading_editor_layout | Loading central editor layout...
[  66% ] loading_editor_layout | Loading plugin window layout...
[  83% ] loading_editor_layout | Editor layout ready.
[ DONE ] loading_editor_layout

