Godot Engine v4.7.2.stable.official.ed1daf0bf - https://godotengine.org
Vulkan 1.4.341 - Forward Mobile - Using Device #0: NVIDIA - NVIDIA GeForce RTX 4080

ERROR: Failed to read the root certificate store.
   at: get_system_ca_certificates (platform/windows/os_windows.cpp:2582)
WARNING: T-085 source admission pending: development audio placeholders are active.
   at: push_warning (core/variant/variant_utility.cpp:1033)
   GDScript backtrace (most recent call first):
       [0] _ready (res://src/presentation/game_audio.gd:27)
       [1] _ready (res://src/presentation/application.gd:56)
       [2] _run (res://tests/presentation/capture_t081_lighting.gd:19)
ERROR: Inward head bevel agrees with core at bearing 1
   at: push_error (core/variant/variant_utility.cpp:1023)
   GDScript backtrace (most recent call first):
       [0] check (res://tests/presentation/test_application.gd:14)
       [1] _run (res://tests/presentation/capture_t081_lighting.gd:81)
       [2] settle (res://tests/presentation/capture_t081_lighting.gd:6)
ERROR: Inward head bevel agrees with core at bearing 2
   at: push_error (core/variant/variant_utility.cpp:1023)
   GDScript backtrace (most recent call first):
       [0] check (res://tests/presentation/test_application.gd:14)
       [1] _run (res://tests/presentation/capture_t081_lighting.gd:81)
       [2] settle (res://tests/presentation/capture_t081_lighting.gd:6)
ERROR: Inward head bevel agrees with core at bearing 3
   at: push_error (core/variant/variant_utility.cpp:1023)
   GDScript backtrace (most recent call first):
       [0] check (res://tests/presentation/test_application.gd:14)
       [1] _run (res://tests/presentation/capture_t081_lighting.gd:81)
       [2] settle (res://tests/presentation/capture_t081_lighting.gd:6)
ERROR: Inward head bevel agrees with core at bearing 4
   at: push_error (core/variant/variant_utility.cpp:1023)
   GDScript backtrace (most recent call first):
       [0] check (res://tests/presentation/test_application.gd:14)
       [1] _run (res://tests/presentation/capture_t081_lighting.gd:81)
       [2] settle (res://tests/presentation/capture_t081_lighting.gd:6)
ERROR: Inward head bevel agrees with core at bearing 5
   at: push_error (core/variant/variant_utility.cpp:1023)
   GDScript backtrace (most recent call first):
       [0] check (res://tests/presentation/test_application.gd:14)
       [1] _run (res://tests/presentation/capture_t081_lighting.gd:81)
       [2] settle (res://tests/presentation/capture_t081_lighting.gd:6)
ERROR: Inward head bevel agrees with core at bearing 6
   at: push_error (core/variant/variant_utility.cpp:1023)
   GDScript backtrace (most recent call first):
       [0] check (res://tests/presentation/test_application.gd:14)
       [1] _run (res://tests/presentation/capture_t081_lighting.gd:81)
       [2] settle (res://tests/presentation/capture_t081_lighting.gd:6)
ERROR: Inward head bevel agrees with core at bearing 7
   at: push_error (core/variant/variant_utility.cpp:1023)
   GDScript backtrace (most recent call first):
       [0] check (res://tests/presentation/test_application.gd:14)
       [1] _run (res://tests/presentation/capture_t081_lighting.gd:81)
       [2] settle (res://tests/presentation/capture_t081_lighting.gd:6)
ERROR: Inward head bevel agrees with core at bearing 8
   at: push_error (core/variant/variant_utility.cpp:1023)
   GDScript backtrace (most recent call first):
       [0] check (res://tests/presentation/test_application.gd:14)
       [1] _run (res://tests/presentation/capture_t081_lighting.gd:81)
       [2] settle (res://tests/presentation/capture_t081_lighting.gd:6)
ERROR: Inward head bevel agrees with core at bearing 9
   at: push_error (core/variant/variant_utility.cpp:1023)
   GDScript backtrace (most recent call first):
       [0] check (res://tests/presentation/test_application.gd:14)
       [1] _run (res://tests/presentation/capture_t081_lighting.gd:81)
       [2] settle (res://tests/presentation/capture_t081_lighting.gd:6)
ERROR: Inward head bevel agrees with core at bearing 10
   at: push_error (core/variant/variant_utility.cpp:1023)
   GDScript backtrace (most recent call first):
       [0] check (res://tests/presentation/test_application.gd:14)
       [1] _run (res://tests/presentation/capture_t081_lighting.gd:81)
       [2] settle (res://tests/presentation/capture_t081_lighting.gd:6)
ERROR: Inward head bevel agrees with core at bearing 11
   at: push_error (core/variant/variant_utility.cpp:1023)
   GDScript backtrace (most recent call first):
       [0] check (res://tests/presentation/test_application.gd:14)
       [1] _run (res://tests/presentation/capture_t081_lighting.gd:81)
       [2] settle (res://tests/presentation/capture_t081_lighting.gd:6)
ERROR: Inward head bevel agrees with core at bearing 12
   at: push_error (core/variant/variant_utility.cpp:1023)
   GDScript backtrace (most recent call first):
       [0] check (res://tests/presentation/test_application.gd:14)
       [1] _run (res://tests/presentation/capture_t081_lighting.gd:81)
       [2] settle (res://tests/presentation/capture_t081_lighting.gd:6)
ENV true OWN true DISABLE3D false
T081 native capture checks: 41 / failures: 12
