Godot Engine v4.7.2.stable.official.ed1daf0bf - https://godotengine.org
Vulkan 1.4.341 - Forward Mobile - Using Device #0: NVIDIA - NVIDIA GeForce RTX 4080

ERROR: Failed to read the root certificate store.
   at: get_system_ca_certificates (platform/windows/os_windows.cpp:2582)
WARNING: T-085 source admission pending: development audio placeholders are active.
   at: push_warning (core/variant/variant_utility.cpp:1033)
   GDScript backtrace (most recent call first):
       [0] _ready (res://src/presentation/game_audio.gd:27)
       [1] _ready (res://src/presentation/application.gd:56)
       [2] _run (res://tests/performance/measure_t083_collapse.gd:8)
ERROR: Occupied high ring slot
   at: push_error (core/variant/variant_utility.cpp:1023)
   GDScript backtrace (most recent call first):
       [0] check (res://tests/presentation/test_application.gd:14)
       [1] _run (res://tests/performance/measure_t083_collapse.gd:22)
ERROR: Occupied high ring slot
   at: push_error (core/variant/variant_utility.cpp:1023)
   GDScript backtrace (most recent call first):
       [0] check (res://tests/presentation/test_application.gd:14)
       [1] _run (res://tests/performance/measure_t083_collapse.gd:22)
ERROR: Occupied high ring slot
   at: push_error (core/variant/variant_utility.cpp:1023)
   GDScript backtrace (most recent call first):
       [0] check (res://tests/presentation/test_application.gd:14)
       [1] _run (res://tests/performance/measure_t083_collapse.gd:22)
ERROR: Occupied high ring slot
   at: push_error (core/variant/variant_utility.cpp:1023)
   GDScript backtrace (most recent call first):
       [0] check (res://tests/presentation/test_application.gd:14)
       [1] _run (res://tests/performance/measure_t083_collapse.gd:22)
ERROR: Occupied high ring slot
   at: push_error (core/variant/variant_utility.cpp:1023)
   GDScript backtrace (most recent call first):
       [0] check (res://tests/presentation/test_application.gd:14)
       [1] _run (res://tests/performance/measure_t083_collapse.gd:22)
ERROR: Occupied high ring slot
   at: push_error (core/variant/variant_utility.cpp:1023)
   GDScript backtrace (most recent call first):
       [0] check (res://tests/presentation/test_application.gd:14)
       [1] _run (res://tests/performance/measure_t083_collapse.gd:22)
ERROR: Occupied high ring slot
   at: push_error (core/variant/variant_utility.cpp:1023)
   GDScript backtrace (most recent call first):
       [0] check (res://tests/presentation/test_application.gd:14)
       [1] _run (res://tests/performance/measure_t083_collapse.gd:22)
ERROR: Occupied high ring slot
   at: push_error (core/variant/variant_utility.cpp:1023)
   GDScript backtrace (most recent call first):
       [0] check (res://tests/presentation/test_application.gd:14)
       [1] _run (res://tests/performance/measure_t083_collapse.gd:22)
ERROR: Occupied high ring slot
   at: push_error (core/variant/variant_utility.cpp:1023)
   GDScript backtrace (most recent call first):
       [0] check (res://tests/presentation/test_application.gd:14)
       [1] _run (res://tests/performance/measure_t083_collapse.gd:22)
ERROR: Occupied high ring slot
   at: push_error (core/variant/variant_utility.cpp:1023)
   GDScript backtrace (most recent call first):
       [0] check (res://tests/presentation/test_application.gd:14)
       [1] _run (res://tests/performance/measure_t083_collapse.gd:22)
ERROR: Occupied high ring slot
   at: push_error (core/variant/variant_utility.cpp:1023)
   GDScript backtrace (most recent call first):
       [0] check (res://tests/presentation/test_application.gd:14)
       [1] _run (res://tests/performance/measure_t083_collapse.gd:22)
ERROR: Occupied high ring slot
   at: push_error (core/variant/variant_utility.cpp:1023)
   GDScript backtrace (most recent call first):
       [0] check (res://tests/presentation/test_application.gd:14)
       [1] _run (res://tests/performance/measure_t083_collapse.gd:22)
ERROR: Occupied high ring slot
   at: push_error (core/variant/variant_utility.cpp:1023)
   GDScript backtrace (most recent call first):
       [0] check (res://tests/presentation/test_application.gd:14)
       [1] _run (res://tests/performance/measure_t083_collapse.gd:22)
ERROR: Occupied high ring slot
   at: push_error (core/variant/variant_utility.cpp:1023)
   GDScript backtrace (most recent call first):
       [0] check (res://tests/presentation/test_application.gd:14)
       [1] _run (res://tests/performance/measure_t083_collapse.gd:22)
ERROR: Occupied high ring slot
   at: push_error (core/variant/variant_utility.cpp:1023)
   GDScript backtrace (most recent call first):
       [0] check (res://tests/presentation/test_application.gd:14)
       [1] _run (res://tests/performance/measure_t083_collapse.gd:22)
ERROR: Occupied high ring slot
   at: push_error (core/variant/variant_utility.cpp:1023)
   GDScript backtrace (most recent call first):
       [0] check (res://tests/presentation/test_application.gd:14)
       [1] _run (res://tests/performance/measure_t083_collapse.gd:22)
ERROR: Occupied high ring slot
   at: push_error (core/variant/variant_utility.cpp:1023)
   GDScript backtrace (most recent call first):
       [0] check (res://tests/presentation/test_application.gd:14)
       [1] _run (res://tests/performance/measure_t083_collapse.gd:22)
ERROR: Occupied high ring slot
   at: push_error (core/variant/variant_utility.cpp:1023)
   GDScript backtrace (most recent call first):
       [0] check (res://tests/presentation/test_application.gd:14)
       [1] _run (res://tests/performance/measure_t083_collapse.gd:22)
ERROR: Occupied high ring slot
   at: push_error (core/variant/variant_utility.cpp:1023)
   GDScript backtrace (most recent call first):
       [0] check (res://tests/presentation/test_application.gd:14)
       [1] _run (res://tests/performance/measure_t083_collapse.gd:22)
ERROR: Occupied high ring slot
   at: push_error (core/variant/variant_utility.cpp:1023)
   GDScript backtrace (most recent call first):
       [0] check (res://tests/presentation/test_application.gd:14)
       [1] _run (res://tests/performance/measure_t083_collapse.gd:22)
ERROR: Occupied high ring slot
   at: push_error (core/variant/variant_utility.cpp:1023)
   GDScript backtrace (most recent call first):
       [0] check (res://tests/presentation/test_application.gd:14)
       [1] _run (res://tests/performance/measure_t083_collapse.gd:22)
ERROR: Occupied high ring slot
   at: push_error (core/variant/variant_utility.cpp:1023)
   GDScript backtrace (most recent call first):
       [0] check (res://tests/presentation/test_application.gd:14)
       [1] _run (res://tests/performance/measure_t083_collapse.gd:22)
ERROR: Occupied high ring slot
   at: push_error (core/variant/variant_utility.cpp:1023)
   GDScript backtrace (most recent call first):
       [0] check (res://tests/presentation/test_application.gd:14)
       [1] _run (res://tests/performance/measure_t083_collapse.gd:22)
ERROR: Occupied high ring slot
   at: push_error (core/variant/variant_utility.cpp:1023)
   GDScript backtrace (most recent call first):
       [0] check (res://tests/presentation/test_application.gd:14)
       [1] _run (res://tests/performance/measure_t083_collapse.gd:22)
ERROR: Occupied high ring slot
   at: push_error (core/variant/variant_utility.cpp:1023)
   GDScript backtrace (most recent call first):
       [0] check (res://tests/presentation/test_application.gd:14)
       [1] _run (res://tests/performance/measure_t083_collapse.gd:22)
ERROR: Occupied high ring slot
   at: push_error (core/variant/variant_utility.cpp:1023)
   GDScript backtrace (most recent call first):
       [0] check (res://tests/presentation/test_application.gd:14)
       [1] _run (res://tests/performance/measure_t083_collapse.gd:22)
ERROR: Occupied high ring slot
   at: push_error (core/variant/variant_utility.cpp:1023)
   GDScript backtrace (most recent call first):
       [0] check (res://tests/presentation/test_application.gd:14)
       [1] _run (res://tests/performance/measure_t083_collapse.gd:22)
ERROR: Occupied high ring slot
   at: push_error (core/variant/variant_utility.cpp:1023)
   GDScript backtrace (most recent call first):
       [0] check (res://tests/presentation/test_application.gd:14)
       [1] _run (res://tests/performance/measure_t083_collapse.gd:22)
ERROR: Occupied high ring slot
   at: push_error (core/variant/variant_utility.cpp:1023)
   GDScript backtrace (most recent call first):
       [0] check (res://tests/presentation/test_application.gd:14)
       [1] _run (res://tests/performance/measure_t083_collapse.gd:22)
ERROR: Occupied high ring slot
   at: push_error (core/variant/variant_utility.cpp:1023)
   GDScript backtrace (most recent call first):
       [0] check (res://tests/presentation/test_application.gd:14)
       [1] _run (res://tests/performance/measure_t083_collapse.gd:22)
ERROR: Occupied high ring slot
   at: push_error (core/variant/variant_utility.cpp:1023)
   GDScript backtrace (most recent call first):
       [0] check (res://tests/presentation/test_application.gd:14)
       [1] _run (res://tests/performance/measure_t083_collapse.gd:22)
ERROR: Occupied high ring slot
   at: push_error (core/variant/variant_utility.cpp:1023)
   GDScript backtrace (most recent call first):
       [0] check (res://tests/presentation/test_application.gd:14)
       [1] _run (res://tests/performance/measure_t083_collapse.gd:22)
ERROR: Occupied high ring slot
   at: push_error (core/variant/variant_utility.cpp:1023)
   GDScript backtrace (most recent call first):
       [0] check (res://tests/presentation/test_application.gd:14)
       [1] _run (res://tests/performance/measure_t083_collapse.gd:22)
ERROR: Occupied high ring slot
   at: push_error (core/variant/variant_utility.cpp:1023)
   GDScript backtrace (most recent call first):
       [0] check (res://tests/presentation/test_application.gd:14)
       [1] _run (res://tests/performance/measure_t083_collapse.gd:22)
ERROR: Occupied high ring slot
   at: push_error (core/variant/variant_utility.cpp:1023)
   GDScript backtrace (most recent call first):
       [0] check (res://tests/presentation/test_application.gd:14)
       [1] _run (res://tests/performance/measure_t083_collapse.gd:22)
ERROR: Occupied high ring slot
   at: push_error (core/variant/variant_utility.cpp:1023)
   GDScript backtrace (most recent call first):
       [0] check (res://tests/presentation/test_application.gd:14)
       [1] _run (res://tests/performance/measure_t083_collapse.gd:22)
ERROR: Occupied high ring slot
   at: push_error (core/variant/variant_utility.cpp:1023)
   GDScript backtrace (most recent call first):
       [0] check (res://tests/presentation/test_application.gd:14)
       [1] _run (res://tests/performance/measure_t083_collapse.gd:22)
ERROR: Occupied high ring slot
   at: push_error (core/variant/variant_utility.cpp:1023)
   GDScript backtrace (most recent call first):
       [0] check (res://tests/presentation/test_application.gd:14)
       [1] _run (res://tests/performance/measure_t083_collapse.gd:22)
ERROR: Occupied high ring slot
   at: push_error (core/variant/variant_utility.cpp:1023)
   GDScript backtrace (most recent call first):
       [0] check (res://tests/presentation/test_application.gd:14)
       [1] _run (res://tests/performance/measure_t083_collapse.gd:22)
ERROR: Occupied high ring slot
   at: push_error (core/variant/variant_utility.cpp:1023)
   GDScript backtrace (most recent call first):
       [0] check (res://tests/presentation/test_application.gd:14)
       [1] _run (res://tests/performance/measure_t083_collapse.gd:22)
ERROR: Occupied high ring slot
   at: push_error (core/variant/variant_utility.cpp:1023)
   GDScript backtrace (most recent call first):
       [0] check (res://tests/presentation/test_application.gd:14)
       [1] _run (res://tests/performance/measure_t083_collapse.gd:22)
ERROR: Occupied high ring slot
   at: push_error (core/variant/variant_utility.cpp:1023)
   GDScript backtrace (most recent call first):
       [0] check (res://tests/presentation/test_application.gd:14)
       [1] _run (res://tests/performance/measure_t083_collapse.gd:22)
ERROR: Occupied high ring slot
   at: push_error (core/variant/variant_utility.cpp:1023)
   GDScript backtrace (most recent call first):
       [0] check (res://tests/presentation/test_application.gd:14)
       [1] _run (res://tests/performance/measure_t083_collapse.gd:22)
ERROR: Occupied high ring slot
   at: push_error (core/variant/variant_utility.cpp:1023)
   GDScript backtrace (most recent call first):
       [0] check (res://tests/presentation/test_application.gd:14)
       [1] _run (res://tests/performance/measure_t083_collapse.gd:22)
ERROR: Occupied high ring slot
   at: push_error (core/variant/variant_utility.cpp:1023)
   GDScript backtrace (most recent call first):
       [0] check (res://tests/presentation/test_application.gd:14)
       [1] _run (res://tests/performance/measure_t083_collapse.gd:22)
ERROR: Occupied high ring slot
   at: push_error (core/variant/variant_utility.cpp:1023)
   GDScript backtrace (most recent call first):
       [0] check (res://tests/presentation/test_application.gd:14)
       [1] _run (res://tests/performance/measure_t083_collapse.gd:22)
ERROR: Occupied high ring slot
   at: push_error (core/variant/variant_utility.cpp:1023)
   GDScript backtrace (most recent call first):
       [0] check (res://tests/presentation/test_application.gd:14)
       [1] _run (res://tests/performance/measure_t083_collapse.gd:22)
ERROR: Occupied high ring slot
   at: push_error (core/variant/variant_utility.cpp:1023)
   GDScript backtrace (most recent call first):
       [0] check (res://tests/presentation/test_application.gd:14)
       [1] _run (res://tests/performance/measure_t083_collapse.gd:22)
ERROR: Occupied high ring slot
   at: push_error (core/variant/variant_utility.cpp:1023)
   GDScript backtrace (most recent call first):
       [0] check (res://tests/presentation/test_application.gd:14)
       [1] _run (res://tests/performance/measure_t083_collapse.gd:22)
ERROR: Occupied high ring slot
   at: push_error (core/variant/variant_utility.cpp:1023)
   GDScript backtrace (most recent call first):
       [0] check (res://tests/presentation/test_application.gd:14)
       [1] _run (res://tests/performance/measure_t083_collapse.gd:22)
ERROR: Occupied high ring slot
   at: push_error (core/variant/variant_utility.cpp:1023)
   GDScript backtrace (most recent call first):
       [0] check (res://tests/presentation/test_application.gd:14)
       [1] _run (res://tests/performance/measure_t083_collapse.gd:22)
ERROR: Occupied high ring slot
   at: push_error (core/variant/variant_utility.cpp:1023)
   GDScript backtrace (most recent call first):
       [0] check (res://tests/presentation/test_application.gd:14)
       [1] _run (res://tests/performance/measure_t083_collapse.gd:22)
ERROR: Occupied high ring slot
   at: push_error (core/variant/variant_utility.cpp:1023)
   GDScript backtrace (most recent call first):
       [0] check (res://tests/presentation/test_application.gd:14)
       [1] _run (res://tests/performance/measure_t083_collapse.gd:22)
ERROR: Occupied high ring slot
   at: push_error (core/variant/variant_utility.cpp:1023)
   GDScript backtrace (most recent call first):
       [0] check (res://tests/presentation/test_application.gd:14)
       [1] _run (res://tests/performance/measure_t083_collapse.gd:22)
ERROR: Occupied high ring slot
   at: push_error (core/variant/variant_utility.cpp:1023)
   GDScript backtrace (most recent call first):
       [0] check (res://tests/presentation/test_application.gd:14)
       [1] _run (res://tests/performance/measure_t083_collapse.gd:22)
ERROR: Occupied high ring slot
   at: push_error (core/variant/variant_utility.cpp:1023)
   GDScript backtrace (most recent call first):
       [0] check (res://tests/presentation/test_application.gd:14)
       [1] _run (res://tests/performance/measure_t083_collapse.gd:22)
ERROR: Occupied high ring slot
   at: push_error (core/variant/variant_utility.cpp:1023)
   GDScript backtrace (most recent call first):
       [0] check (res://tests/presentation/test_application.gd:14)
       [1] _run (res://tests/performance/measure_t083_collapse.gd:22)
ERROR: Occupied high ring slot
   at: push_error (core/variant/variant_utility.cpp:1023)
   GDScript backtrace (most recent call first):
       [0] check (res://tests/presentation/test_application.gd:14)
       [1] _run (res://tests/performance/measure_t083_collapse.gd:22)
ERROR: Occupied high ring slot
   at: push_error (core/variant/variant_utility.cpp:1023)
   GDScript backtrace (most recent call first):
       [0] check (res://tests/presentation/test_application.gd:14)
       [1] _run (res://tests/performance/measure_t083_collapse.gd:22)
ERROR: Occupied high ring slot
   at: push_error (core/variant/variant_utility.cpp:1023)
   GDScript backtrace (most recent call first):
       [0] check (res://tests/presentation/test_application.gd:14)
       [1] _run (res://tests/performance/measure_t083_collapse.gd:22)
ERROR: Occupied high ring slot
   at: push_error (core/variant/variant_utility.cpp:1023)
   GDScript backtrace (most recent call first):
       [0] check (res://tests/presentation/test_application.gd:14)
       [1] _run (res://tests/performance/measure_t083_collapse.gd:22)
ERROR: Occupied high ring slot
   at: push_error (core/variant/variant_utility.cpp:1023)
   GDScript backtrace (most recent call first):
       [0] check (res://tests/presentation/test_application.gd:14)
       [1] _run (res://tests/performance/measure_t083_collapse.gd:22)
ERROR: Occupied high ring slot
   at: push_error (core/variant/variant_utility.cpp:1023)
   GDScript backtrace (most recent call first):
       [0] check (res://tests/presentation/test_application.gd:14)
       [1] _run (res://tests/performance/measure_t083_collapse.gd:22)
ERROR: Occupied high ring slot
   at: push_error (core/variant/variant_utility.cpp:1023)
   GDScript backtrace (most recent call first):
       [0] check (res://tests/presentation/test_application.gd:14)
       [1] _run (res://tests/performance/measure_t083_collapse.gd:22)
ERROR: Occupied high ring slot
   at: push_error (core/variant/variant_utility.cpp:1023)
   GDScript backtrace (most recent call first):
       [0] check (res://tests/presentation/test_application.gd:14)
       [1] _run (res://tests/performance/measure_t083_collapse.gd:22)
ERROR: Occupied high ring slot
   at: push_error (core/variant/variant_utility.cpp:1023)
   GDScript backtrace (most recent call first):
       [0] check (res://tests/presentation/test_application.gd:14)
       [1] _run (res://tests/performance/measure_t083_collapse.gd:22)
ERROR: Occupied high ring slot
   at: push_error (core/variant/variant_utility.cpp:1023)
   GDScript backtrace (most recent call first):
       [0] check (res://tests/presentation/test_application.gd:14)
       [1] _run (res://tests/performance/measure_t083_collapse.gd:22)
ERROR: Occupied high ring slot
   at: push_error (core/variant/variant_utility.cpp:1023)
   GDScript backtrace (most recent call first):
       [0] check (res://tests/presentation/test_application.gd:14)
       [1] _run (res://tests/performance/measure_t083_collapse.gd:22)
ERROR: Occupied high ring slot
   at: push_error (core/variant/variant_utility.cpp:1023)
   GDScript backtrace (most recent call first):
       [0] check (res://tests/presentation/test_application.gd:14)
       [1] _run (res://tests/performance/measure_t083_collapse.gd:22)
ERROR: Occupied high ring slot
   at: push_error (core/variant/variant_utility.cpp:1023)
   GDScript backtrace (most recent call first):
       [0] check (res://tests/presentation/test_application.gd:14)
       [1] _run (res://tests/performance/measure_t083_collapse.gd:22)
ERROR: Occupied high ring slot
   at: push_error (core/variant/variant_utility.cpp:1023)
   GDScript backtrace (most recent call first):
       [0] check (res://tests/presentation/test_application.gd:14)
       [1] _run (res://tests/performance/measure_t083_collapse.gd:22)
ERROR: Occupied high ring slot
   at: push_error (core/variant/variant_utility.cpp:1023)
   GDScript backtrace (most recent call first):
       [0] check (res://tests/presentation/test_application.gd:14)
       [1] _run (res://tests/performance/measure_t083_collapse.gd:22)
ERROR: Occupied high ring slot
   at: push_error (core/variant/variant_utility.cpp:1023)
   GDScript backtrace (most recent call first):
       [0] check (res://tests/presentation/test_application.gd:14)
       [1] _run (res://tests/performance/measure_t083_collapse.gd:22)
ERROR: Occupied high ring slot
   at: push_error (core/variant/variant_utility.cpp:1023)
   GDScript backtrace (most recent call first):
       [0] check (res://tests/presentation/test_application.gd:14)
       [1] _run (res://tests/performance/measure_t083_collapse.gd:22)
ERROR: Occupied high ring slot
   at: push_error (core/variant/variant_utility.cpp:1023)
   GDScript backtrace (most recent call first):
       [0] check (res://tests/presentation/test_application.gd:14)
       [1] _run (res://tests/performance/measure_t083_collapse.gd:22)
ERROR: Occupied high ring slot
   at: push_error (core/variant/variant_utility.cpp:1023)
   GDScript backtrace (most recent call first):
       [0] check (res://tests/presentation/test_application.gd:14)
       [1] _run (res://tests/performance/measure_t083_collapse.gd:22)
ERROR: Occupied high ring slot
   at: push_error (core/variant/variant_utility.cpp:1023)
   GDScript backtrace (most recent call first):
       [0] check (res://tests/presentation/test_application.gd:14)
       [1] _run (res://tests/performance/measure_t083_collapse.gd:22)
ERROR: Occupied high ring slot
   at: push_error (core/variant/variant_utility.cpp:1023)
   GDScript backtrace (most recent call first):
       [0] check (res://tests/presentation/test_application.gd:14)
       [1] _run (res://tests/performance/measure_t083_collapse.gd:22)
ERROR: Occupied high ring slot
   at: push_error (core/variant/variant_utility.cpp:1023)
   GDScript backtrace (most recent call first):
       [0] check (res://tests/presentation/test_application.gd:14)
       [1] _run (res://tests/performance/measure_t083_collapse.gd:22)
ERROR: Occupied high ring slot
   at: push_error (core/variant/variant_utility.cpp:1023)
   GDScript backtrace (most recent call first):
       [0] check (res://tests/presentation/test_application.gd:14)
       [1] _run (res://tests/performance/measure_t083_collapse.gd:22)
ERROR: Occupied high ring slot
   at: push_error (core/variant/variant_utility.cpp:1023)
   GDScript backtrace (most recent call first):
       [0] check (res://tests/presentation/test_application.gd:14)
       [1] _run (res://tests/performance/measure_t083_collapse.gd:22)
ERROR: Occupied high ring slot
   at: push_error (core/variant/variant_utility.cpp:1023)
   GDScript backtrace (most recent call first):
       [0] check (res://tests/presentation/test_application.gd:14)
       [1] _run (res://tests/performance/measure_t083_collapse.gd:22)
ERROR: Occupied high ring slot
   at: push_error (core/variant/variant_utility.cpp:1023)
   GDScript backtrace (most recent call first):
       [0] check (res://tests/presentation/test_application.gd:14)
       [1] _run (res://tests/performance/measure_t083_collapse.gd:22)
ERROR: Occupied high ring slot
   at: push_error (core/variant/variant_utility.cpp:1023)
   GDScript backtrace (most recent call first):
       [0] check (res://tests/presentation/test_application.gd:14)
       [1] _run (res://tests/performance/measure_t083_collapse.gd:22)
ERROR: Occupied high ring slot
   at: push_error (core/variant/variant_utility.cpp:1023)
   GDScript backtrace (most recent call first):
       [0] check (res://tests/presentation/test_application.gd:14)
       [1] _run (res://tests/performance/measure_t083_collapse.gd:22)
ERROR: Occupied high ring slot
   at: push_error (core/variant/variant_utility.cpp:1023)
   GDScript backtrace (most recent call first):
       [0] check (res://tests/presentation/test_application.gd:14)
       [1] _run (res://tests/performance/measure_t083_collapse.gd:22)
ERROR: Occupied high ring slot
   at: push_error (core/variant/variant_utility.cpp:1023)
   GDScript backtrace (most recent call first):
       [0] check (res://tests/presentation/test_application.gd:14)
       [1] _run (res://tests/performance/measure_t083_collapse.gd:22)
ERROR: Occupied high ring slot
   at: push_error (core/variant/variant_utility.cpp:1023)
   GDScript backtrace (most recent call first):
       [0] check (res://tests/presentation/test_application.gd:14)
       [1] _run (res://tests/performance/measure_t083_collapse.gd:22)
ERROR: Occupied high ring slot
   at: push_error (core/variant/variant_utility.cpp:1023)
   GDScript backtrace (most recent call first):
       [0] check (res://tests/presentation/test_application.gd:14)
       [1] _run (res://tests/performance/measure_t083_collapse.gd:22)
ERROR: Occupied high ring slot
   at: push_error (core/variant/variant_utility.cpp:1023)
   GDScript backtrace (most recent call first):
       [0] check (res://tests/presentation/test_application.gd:14)
       [1] _run (res://tests/performance/measure_t083_collapse.gd:22)
ERROR: Occupied high ring slot
   at: push_error (core/variant/variant_utility.cpp:1023)
   GDScript backtrace (most recent call first):
       [0] check (res://tests/presentation/test_application.gd:14)
       [1] _run (res://tests/performance/measure_t083_collapse.gd:22)
ERROR: Occupied high ring slot
   at: push_error (core/variant/variant_utility.cpp:1023)
   GDScript backtrace (most recent call first):
       [0] check (res://tests/presentation/test_application.gd:14)
       [1] _run (res://tests/performance/measure_t083_collapse.gd:22)
ERROR: Occupied high ring slot
   at: push_error (core/variant/variant_utility.cpp:1023)
   GDScript backtrace (most recent call first):
       [0] check (res://tests/presentation/test_application.gd:14)
       [1] _run (res://tests/performance/measure_t083_collapse.gd:22)
ERROR: Occupied high ring slot
   at: push_error (core/variant/variant_utility.cpp:1023)
   GDScript backtrace (most recent call first):
       [0] check (res://tests/presentation/test_application.gd:14)
       [1] _run (res://tests/performance/measure_t083_collapse.gd:22)
ERROR: Occupied high ring slot
   at: push_error (core/variant/variant_utility.cpp:1023)
   GDScript backtrace (most recent call first):
       [0] check (res://tests/presentation/test_application.gd:14)
       [1] _run (res://tests/performance/measure_t083_collapse.gd:22)
ERROR: Occupied high ring slot
   at: push_error (core/variant/variant_utility.cpp:1023)
   GDScript backtrace (most recent call first):
       [0] check (res://tests/presentation/test_application.gd:14)
       [1] _run (res://tests/performance/measure_t083_collapse.gd:22)
ERROR: Occupied high ring slot
   at: push_error (core/variant/variant_utility.cpp:1023)
   GDScript backtrace (most recent call first):
       [0] check (res://tests/presentation/test_application.gd:14)
       [1] _run (res://tests/performance/measure_t083_collapse.gd:22)
ERROR: Occupied high ring slot
   at: push_error (core/variant/variant_utility.cpp:1023)
   GDScript backtrace (most recent call first):
       [0] check (res://tests/presentation/test_application.gd:14)
       [1] _run (res://tests/performance/measure_t083_collapse.gd:22)
ERROR: Occupied high ring slot
   at: push_error (core/variant/variant_utility.cpp:1023)
   GDScript backtrace (most recent call first):
       [0] check (res://tests/presentation/test_application.gd:14)
       [1] _run (res://tests/performance/measure_t083_collapse.gd:22)
ERROR: Occupied high ring slot
   at: push_error (core/variant/variant_utility.cpp:1023)
   GDScript backtrace (most recent call first):
       [0] check (res://tests/presentation/test_application.gd:14)
       [1] _run (res://tests/performance/measure_t083_collapse.gd:22)
ERROR: Occupied high ring slot
   at: push_error (core/variant/variant_utility.cpp:1023)
   GDScript backtrace (most recent call first):
       [0] check (res://tests/presentation/test_application.gd:14)
       [1] _run (res://tests/performance/measure_t083_collapse.gd:22)
ERROR: Occupied high ring slot
   at: push_error (core/variant/variant_utility.cpp:1023)
   GDScript backtrace (most recent call first):
       [0] check (res://tests/presentation/test_application.gd:14)
       [1] _run (res://tests/performance/measure_t083_collapse.gd:22)
ERROR: Occupied high ring slot
   at: push_error (core/variant/variant_utility.cpp:1023)
   GDScript backtrace (most recent call first):
       [0] check (res://tests/presentation/test_application.gd:14)
       [1] _run (res://tests/performance/measure_t083_collapse.gd:22)
ERROR: Occupied high ring slot
   at: push_error (core/variant/variant_utility.cpp:1023)
   GDScript backtrace (most recent call first):
       [0] check (res://tests/presentation/test_application.gd:14)
       [1] _run (res://tests/performance/measure_t083_collapse.gd:22)
ERROR: Occupied high ring slot
   at: push_error (core/variant/variant_utility.cpp:1023)
   GDScript backtrace (most recent call first):
       [0] check (res://tests/presentation/test_application.gd:14)
       [1] _run (res://tests/performance/measure_t083_collapse.gd:22)
{"actors":128,"adapter_cap_events":8,"adapter_cap_pieces":96,"admission":{"hardware":15,"pieces":6,"rings":[12],"tick":68,"wall_modules":140},"diagnostic":"actual high-ring collapse with densely occupied standing hardware; different fixture from canonical","during_frames":158,"during_median_ms":16.671,"effects":true,"frames":180,"max_frame_ms":19.12,"max_simulation_callback_ms":7.603,"median_frame_ms":16.673,"p95_frame_ms":17.484,"rings":12,"simulation_wall_ratio":0.995599114423025,"viewport":"(2560, 1440)","zoom":0.41}
