ERROR: Failed to read the root certificate store.
   at: get_system_ca_certificates (platform/windows/os_windows.cpp:2582)
WARNING: T-085 source admission pending: development audio placeholders are active.
   at: push_warning (core/variant/variant_utility.cpp:1033)
   GDScript backtrace (most recent call first):
       [0] _ready (res://src/presentation/game_audio.gd:27)
       [1] _ready (res://src/presentation/application.gd:56)
       [2] _run (res://tests/performance/measure_t083_collapse.gd:8)
ERROR: Real high-ring committed collapse occurred
   at: push_error (core/variant/variant_utility.cpp:1023)
   GDScript backtrace (most recent call first):
       [0] check (res://tests/presentation/test_application.gd:14)
       [1] _run (res://tests/performance/measure_t083_collapse.gd:68)
ERROR: All real dense hardware retained
   at: push_error (core/variant/variant_utility.cpp:1023)
   GDScript backtrace (most recent call first):
       [0] check (res://tests/presentation/test_application.gd:14)
       [1] _run (res://tests/performance/measure_t083_collapse.gd:69)
ERROR: Measured actual debris frames
   at: push_error (core/variant/variant_utility.cpp:1023)
   GDScript backtrace (most recent call first):
       [0] check (res://tests/presentation/test_application.gd:14)
       [1] _run (res://tests/performance/measure_t083_collapse.gd:70)
